---
source: tests/cli/generate.rs
expression: stderr
---
Error: 
   0: The file 'readme.md' does not exist

[location]

Backtrace omitted. Run with RUST_BACKTRACE=1 environment variable to display it.
Run with RUST_BACKTRACE=full to include source snippets.
