---
source: tests/cli/add.rs
expression: stdout
---

