---
source: tests/cli/generate.rs
expression: stdout
---

